// Jest Snapshot v1, https://goo.gl/fbAQLP

exports[`Form component tests renders form 1`] = `
<form
  data-testid="form"
>
  <input
    class="input-todo"
    placeholder="Что будем делать?"
    type="text"
    value=""
  />
  <button
    data-testid="add-btn"
    type="submit"
  >
    Добавить +
  </button>
</form>
`;
