// Jest Snapshot v1, https://goo.gl/fbAQLP

exports[`Todo component tests List renders 1`] = `
<li
  data-testid="list-item"
>
  <input
    data-testid="toggle-checkbox"
    type="checkbox"
  />
  <span
    data-testid="toggle-text"
  >
    func
  </span>
  <button
    data-testid="list-btn"
    type="button"
  >
    x
  </button>
</li>
`;
